// Jest Snapshot v1, https://goo.gl/fbAQLP

exports[`components/Modal/ModalFocusTrap creates focusable "brackets" 1`] = `
<div>
  <div
    aria-hidden="true"
    class="r-outlineStyle-1ny4l3l"
    data-focusable="true"
    role="presentation"
    tabindex="0"
  />
  <div
    class="css-view-1dbjc4n"
  >
    <a
      href="#hello"
    >
      Hello
    </a>
  </div>
  <div
    aria-hidden="true"
    class="r-outlineStyle-1ny4l3l"
    data-focusable="true"
    role="presentation"
    tabindex="0"
  />
</div>
`;
